[1.510s] DEBUG:colcon:Command line arguments: ['/usr/bin/colcon', 'build', '--packages-select', 'air_mouse_slam']
[1.510s] DEBUG:colcon:Parsed command line arguments: Namespace(log_base=None, log_level=None, verb_name='build', build_base='build', install_base='install', merge_install=False, symlink_install=False, test_result_base=None, continue_on_error=False, executor='parallel', parallel_workers=12, event_handlers=None, ignore_user_meta=False, metas=['./colcon.meta'], base_paths=['.'], packages_ignore=None, packages_ignore_regex=None, paths=None, packages_up_to=None, packages_up_to_regex=None, packages_above=None, packages_above_and_dependencies=None, packages_above_depth=None, packages_select_by_dep=None, packages_skip_by_dep=None, packages_skip_up_to=None, packages_select_build_failed=False, packages_skip_build_finished=False, packages_select_test_failures=False, packages_skip_test_passed=False, packages_select=['air_mouse_slam'], packages_skip=None, packages_select_regex=None, packages_skip_regex=None, packages_start=None, packages_end=None, allow_overriding=[], cmake_args=None, cmake_target=None, cmake_target_skip_unavailable=False, cmake_clean_cache=False, cmake_clean_first=False, cmake_force_configure=False, ament_cmake_args=None, catkin_cmake_args=None, catkin_skip_building_tests=False, mixin_files=None, mixin=None, verb_parser=<colcon_mixin.mixin.mixin_argument.MixinArgumentDecorator object at 0x70ea99e596f0>, verb_extension=<colcon_core.verb.build.BuildVerb object at 0x70ea99f628f0>, main=<bound method BuildVerb.main of <colcon_core.verb.build.BuildVerb object at 0x70ea99f628f0>>, mixin_verb=('build',))
[2.255s] Level 1:colcon.colcon_core.package_discovery:discover_packages(colcon_meta) check parameters
[2.255s] Level 1:colcon.colcon_core.package_discovery:discover_packages(recursive) check parameters
[2.256s] Level 1:colcon.colcon_core.package_discovery:discover_packages(ignore) check parameters
[2.256s] Level 1:colcon.colcon_core.package_discovery:discover_packages(path) check parameters
[2.256s] Level 1:colcon.colcon_core.package_discovery:discover_packages(colcon_meta) discover
[2.256s] Level 1:colcon.colcon_core.package_discovery:discover_packages(recursive) discover
[2.256s] INFO:colcon.colcon_core.package_discovery:Crawling recursively for packages in '/home/soham/air_mouse_ws'
[2.256s] Level 1:colcon.colcon_core.package_identification:_identify(.) by extensions ['ignore', 'ignore_ament_install']
[2.256s] Level 1:colcon.colcon_core.package_identification:_identify(.) by extension 'ignore'
[2.256s] Level 1:colcon.colcon_core.package_identification:_identify(.) by extension 'ignore_ament_install'
[2.256s] Level 1:colcon.colcon_core.package_identification:_identify(.) by extensions ['colcon_pkg']
[2.256s] Level 1:colcon.colcon_core.package_identification:_identify(.) by extension 'colcon_pkg'
[2.256s] Level 1:colcon.colcon_core.package_identification:_identify(.) by extensions ['colcon_meta']
[2.257s] Level 1:colcon.colcon_core.package_identification:_identify(.) by extension 'colcon_meta'
[2.257s] Level 1:colcon.colcon_core.package_identification:_identify(.) by extensions ['ros']
[2.257s] Level 1:colcon.colcon_core.package_identification:_identify(.) by extension 'ros'
[2.302s] Level 1:colcon.colcon_core.package_identification:_identify(.) by extensions ['cmake', 'python']
[2.303s] Level 1:colcon.colcon_core.package_identification:_identify(.) by extension 'cmake'
[2.303s] Level 1:colcon.colcon_core.package_identification:_identify(.) by extension 'python'
[2.303s] Level 1:colcon.colcon_core.package_identification:_identify(.) by extensions ['python_setup_py']
[2.303s] Level 1:colcon.colcon_core.package_identification:_identify(.) by extension 'python_setup_py'
[2.303s] Level 1:colcon.colcon_core.package_identification:_identify(build) by extensions ['ignore', 'ignore_ament_install']
[2.304s] Level 1:colcon.colcon_core.package_identification:_identify(build) by extension 'ignore'
[2.304s] Level 1:colcon.colcon_core.package_identification:_identify(build) ignored
[2.304s] Level 1:colcon.colcon_core.package_identification:_identify(install) by extensions ['ignore', 'ignore_ament_install']
[2.304s] Level 1:colcon.colcon_core.package_identification:_identify(install) by extension 'ignore'
[2.304s] Level 1:colcon.colcon_core.package_identification:_identify(install) ignored
[2.304s] Level 1:colcon.colcon_core.package_identification:_identify(log) by extensions ['ignore', 'ignore_ament_install']
[2.304s] Level 1:colcon.colcon_core.package_identification:_identify(log) by extension 'ignore'
[2.305s] Level 1:colcon.colcon_core.package_identification:_identify(log) ignored
[2.305s] Level 1:colcon.colcon_core.package_identification:_identify(maps) by extensions ['ignore', 'ignore_ament_install']
[2.305s] Level 1:colcon.colcon_core.package_identification:_identify(maps) by extension 'ignore'
[2.305s] Level 1:colcon.colcon_core.package_identification:_identify(maps) by extension 'ignore_ament_install'
[2.305s] Level 1:colcon.colcon_core.package_identification:_identify(maps) by extensions ['colcon_pkg']
[2.305s] Level 1:colcon.colcon_core.package_identification:_identify(maps) by extension 'colcon_pkg'
[2.305s] Level 1:colcon.colcon_core.package_identification:_identify(maps) by extensions ['colcon_meta']
[2.305s] Level 1:colcon.colcon_core.package_identification:_identify(maps) by extension 'colcon_meta'
[2.305s] Level 1:colcon.colcon_core.package_identification:_identify(maps) by extensions ['ros']
[2.305s] Level 1:colcon.colcon_core.package_identification:_identify(maps) by extension 'ros'
[2.305s] Level 1:colcon.colcon_core.package_identification:_identify(maps) by extensions ['cmake', 'python']
[2.305s] Level 1:colcon.colcon_core.package_identification:_identify(maps) by extension 'cmake'
[2.305s] Level 1:colcon.colcon_core.package_identification:_identify(maps) by extension 'python'
[2.305s] Level 1:colcon.colcon_core.package_identification:_identify(maps) by extensions ['python_setup_py']
[2.305s] Level 1:colcon.colcon_core.package_identification:_identify(maps) by extension 'python_setup_py'
[2.306s] Level 1:colcon.colcon_core.package_identification:_identify(src) by extensions ['ignore', 'ignore_ament_install']
[2.306s] Level 1:colcon.colcon_core.package_identification:_identify(src) by extension 'ignore'
[2.306s] Level 1:colcon.colcon_core.package_identification:_identify(src) by extension 'ignore_ament_install'
[2.306s] Level 1:colcon.colcon_core.package_identification:_identify(src) by extensions ['colcon_pkg']
[2.307s] Level 1:colcon.colcon_core.package_identification:_identify(src) by extension 'colcon_pkg'
[2.307s] Level 1:colcon.colcon_core.package_identification:_identify(src) by extensions ['colcon_meta']
[2.307s] Level 1:colcon.colcon_core.package_identification:_identify(src) by extension 'colcon_meta'
[2.307s] Level 1:colcon.colcon_core.package_identification:_identify(src) by extensions ['ros']
[2.307s] Level 1:colcon.colcon_core.package_identification:_identify(src) by extension 'ros'
[2.308s] Level 1:colcon.colcon_core.package_identification:_identify(src) by extensions ['cmake', 'python']
[2.308s] Level 1:colcon.colcon_core.package_identification:_identify(src) by extension 'cmake'
[2.308s] Level 1:colcon.colcon_core.package_identification:_identify(src) by extension 'python'
[2.308s] Level 1:colcon.colcon_core.package_identification:_identify(src) by extensions ['python_setup_py']
[2.308s] Level 1:colcon.colcon_core.package_identification:_identify(src) by extension 'python_setup_py'
[2.308s] Level 1:colcon.colcon_core.package_identification:_identify(src/air_mouse_slam) by extensions ['ignore', 'ignore_ament_install']
[2.308s] Level 1:colcon.colcon_core.package_identification:_identify(src/air_mouse_slam) by extension 'ignore'
[2.309s] Level 1:colcon.colcon_core.package_identification:_identify(src/air_mouse_slam) by extension 'ignore_ament_install'
[2.309s] Level 1:colcon.colcon_core.package_identification:_identify(src/air_mouse_slam) by extensions ['colcon_pkg']
[2.309s] Level 1:colcon.colcon_core.package_identification:_identify(src/air_mouse_slam) by extension 'colcon_pkg'
[2.309s] Level 1:colcon.colcon_core.package_identification:_identify(src/air_mouse_slam) by extensions ['colcon_meta']
[2.309s] Level 1:colcon.colcon_core.package_identification:_identify(src/air_mouse_slam) by extension 'colcon_meta'
[2.309s] Level 1:colcon.colcon_core.package_identification:_identify(src/air_mouse_slam) by extensions ['ros']
[2.309s] Level 1:colcon.colcon_core.package_identification:_identify(src/air_mouse_slam) by extension 'ros'
[2.320s] DEBUG:colcon.colcon_core.package_identification:Package 'src/air_mouse_slam' with type 'ros.ament_cmake' and name 'air_mouse_slam'
[2.320s] Level 1:colcon.colcon_core.package_discovery:discover_packages(recursive) using defaults
[2.320s] Level 1:colcon.colcon_core.package_discovery:discover_packages(ignore) discover
[2.320s] Level 1:colcon.colcon_core.package_discovery:discover_packages(ignore) using defaults
[2.320s] Level 1:colcon.colcon_core.package_discovery:discover_packages(path) discover
[2.320s] Level 1:colcon.colcon_core.package_discovery:discover_packages(path) using defaults
[2.436s] Level 1:colcon.colcon_core.package_discovery:discover_packages(prefix_path) check parameters
[2.436s] Level 1:colcon.colcon_core.package_discovery:discover_packages(prefix_path) discover
[2.452s] DEBUG:colcon.colcon_installed_package_information.package_discovery:Found 318 installed packages in /opt/ros/humble
[2.455s] Level 1:colcon.colcon_core.package_discovery:discover_packages(prefix_path) using defaults
[2.534s] Level 5:colcon.colcon_core.verb:set package 'air_mouse_slam' build argument 'cmake_args' from command line to 'None'
[2.534s] Level 5:colcon.colcon_core.verb:set package 'air_mouse_slam' build argument 'cmake_target' from command line to 'None'
[2.534s] Level 5:colcon.colcon_core.verb:set package 'air_mouse_slam' build argument 'cmake_target_skip_unavailable' from command line to 'False'
[2.534s] Level 5:colcon.colcon_core.verb:set package 'air_mouse_slam' build argument 'cmake_clean_cache' from command line to 'False'
[2.534s] Level 5:colcon.colcon_core.verb:set package 'air_mouse_slam' build argument 'cmake_clean_first' from command line to 'False'
[2.534s] Level 5:colcon.colcon_core.verb:set package 'air_mouse_slam' build argument 'cmake_force_configure' from command line to 'False'
[2.534s] Level 5:colcon.colcon_core.verb:set package 'air_mouse_slam' build argument 'ament_cmake_args' from command line to 'None'
[2.534s] Level 5:colcon.colcon_core.verb:set package 'air_mouse_slam' build argument 'catkin_cmake_args' from command line to 'None'
[2.534s] Level 5:colcon.colcon_core.verb:set package 'air_mouse_slam' build argument 'catkin_skip_building_tests' from command line to 'False'
[2.535s] DEBUG:colcon.colcon_core.verb:Building package 'air_mouse_slam' with the following arguments: {'ament_cmake_args': None, 'build_base': '/home/soham/air_mouse_ws/build/air_mouse_slam', 'catkin_cmake_args': None, 'catkin_skip_building_tests': False, 'cmake_args': None, 'cmake_clean_cache': False, 'cmake_clean_first': False, 'cmake_force_configure': False, 'cmake_target': None, 'cmake_target_skip_unavailable': False, 'install_base': '/home/soham/air_mouse_ws/install/air_mouse_slam', 'merge_install': False, 'path': '/home/soham/air_mouse_ws/src/air_mouse_slam', 'symlink_install': False, 'test_result_base': None}
[2.535s] INFO:colcon.colcon_core.executor:Executing jobs using 'parallel' executor
[2.537s] DEBUG:colcon.colcon_parallel_executor.executor.parallel:run_until_complete
[2.537s] INFO:colcon.colcon_ros.task.ament_cmake.build:Building ROS package in '/home/soham/air_mouse_ws/src/air_mouse_slam' with build type 'ament_cmake'
[2.537s] INFO:colcon.colcon_cmake.task.cmake.build:Building CMake package in '/home/soham/air_mouse_ws/src/air_mouse_slam'
[2.550s] INFO:colcon.colcon_core.plugin_system:Skipping extension 'colcon_core.shell.bat': Not used on non-Windows systems
[2.550s] INFO:colcon.colcon_core.shell:Skip shell extension 'powershell' for command environment: Not usable outside of PowerShell
[2.550s] DEBUG:colcon.colcon_core.shell:Skip shell extension 'dsv' for command environment
[2.575s] DEBUG:colcon.colcon_core.event_handler.log_command:Invoking command in '/home/soham/air_mouse_ws/build/air_mouse_slam': CMAKE_PREFIX_PATH=/opt/ros/humble /usr/bin/cmake --build /home/soham/air_mouse_ws/build/air_mouse_slam -- -j12 -l12
[2.917s] DEBUG:colcon.colcon_core.event_handler.log_command:Invoked command in '/home/soham/air_mouse_ws/build/air_mouse_slam' returned '0': CMAKE_PREFIX_PATH=/opt/ros/humble /usr/bin/cmake --build /home/soham/air_mouse_ws/build/air_mouse_slam -- -j12 -l12
[2.932s] DEBUG:colcon.colcon_core.event_handler.log_command:Invoking command in '/home/soham/air_mouse_ws/build/air_mouse_slam': CMAKE_PREFIX_PATH=/opt/ros/humble /usr/bin/cmake --install /home/soham/air_mouse_ws/build/air_mouse_slam
[2.961s] Level 1:colcon.colcon_core.environment:create_environment_scripts_only(air_mouse_slam)
[2.963s] DEBUG:colcon.colcon_core.event_handler.log_command:Invoked command in '/home/soham/air_mouse_ws/build/air_mouse_slam' returned '0': CMAKE_PREFIX_PATH=/opt/ros/humble /usr/bin/cmake --install /home/soham/air_mouse_ws/build/air_mouse_slam
[2.978s] Level 1:colcon.colcon_core.environment:checking '/home/soham/air_mouse_ws/install/air_mouse_slam' for CMake module files
[2.978s] Level 1:colcon.colcon_core.environment:checking '/home/soham/air_mouse_ws/install/air_mouse_slam' for CMake config files
[2.979s] Level 1:colcon.colcon_core.shell:create_environment_hook('air_mouse_slam', 'cmake_prefix_path')
[2.979s] INFO:colcon.colcon_core.shell:Creating environment hook '/home/soham/air_mouse_ws/install/air_mouse_slam/share/air_mouse_slam/hook/cmake_prefix_path.ps1'
[2.980s] INFO:colcon.colcon_core.shell:Creating environment descriptor '/home/soham/air_mouse_ws/install/air_mouse_slam/share/air_mouse_slam/hook/cmake_prefix_path.dsv'
[2.984s] INFO:colcon.colcon_core.shell:Creating environment hook '/home/soham/air_mouse_ws/install/air_mouse_slam/share/air_mouse_slam/hook/cmake_prefix_path.sh'
[2.987s] Level 1:colcon.colcon_core.environment:checking '/home/soham/air_mouse_ws/install/air_mouse_slam/bin'
[2.987s] Level 1:colcon.colcon_core.environment:checking '/home/soham/air_mouse_ws/install/air_mouse_slam/lib/pkgconfig/air_mouse_slam.pc'
[2.988s] Level 1:colcon.colcon_core.environment:checking '/home/soham/air_mouse_ws/install/air_mouse_slam/lib/python3.10/site-packages'
[2.988s] Level 1:colcon.colcon_core.environment:checking '/home/soham/air_mouse_ws/install/air_mouse_slam/bin'
[2.988s] INFO:colcon.colcon_core.shell:Creating package script '/home/soham/air_mouse_ws/install/air_mouse_slam/share/air_mouse_slam/package.ps1'
[2.990s] INFO:colcon.colcon_core.shell:Creating package descriptor '/home/soham/air_mouse_ws/install/air_mouse_slam/share/air_mouse_slam/package.dsv'
[2.995s] INFO:colcon.colcon_core.shell:Creating package script '/home/soham/air_mouse_ws/install/air_mouse_slam/share/air_mouse_slam/package.sh'
[2.996s] INFO:colcon.colcon_core.shell:Creating package script '/home/soham/air_mouse_ws/install/air_mouse_slam/share/air_mouse_slam/package.bash'
[3.001s] INFO:colcon.colcon_core.shell:Creating package script '/home/soham/air_mouse_ws/install/air_mouse_slam/share/air_mouse_slam/package.zsh'
[3.005s] Level 1:colcon.colcon_core.environment:create_file_with_runtime_dependencies(/home/soham/air_mouse_ws/install/air_mouse_slam/share/colcon-core/packages/air_mouse_slam)
[3.005s] Level 1:colcon.colcon_core.environment:create_environment_scripts_only(air_mouse_slam)
[3.006s] Level 1:colcon.colcon_core.environment:checking '/home/soham/air_mouse_ws/install/air_mouse_slam' for CMake module files
[3.006s] Level 1:colcon.colcon_core.environment:checking '/home/soham/air_mouse_ws/install/air_mouse_slam' for CMake config files
[3.006s] Level 1:colcon.colcon_core.shell:create_environment_hook('air_mouse_slam', 'cmake_prefix_path')
[3.007s] INFO:colcon.colcon_core.shell:Creating environment hook '/home/soham/air_mouse_ws/install/air_mouse_slam/share/air_mouse_slam/hook/cmake_prefix_path.ps1'
[3.007s] INFO:colcon.colcon_core.shell:Creating environment descriptor '/home/soham/air_mouse_ws/install/air_mouse_slam/share/air_mouse_slam/hook/cmake_prefix_path.dsv'
[3.008s] INFO:colcon.colcon_core.shell:Creating environment hook '/home/soham/air_mouse_ws/install/air_mouse_slam/share/air_mouse_slam/hook/cmake_prefix_path.sh'
[3.008s] Level 1:colcon.colcon_core.environment:checking '/home/soham/air_mouse_ws/install/air_mouse_slam/bin'
[3.008s] Level 1:colcon.colcon_core.environment:checking '/home/soham/air_mouse_ws/install/air_mouse_slam/lib/pkgconfig/air_mouse_slam.pc'
[3.009s] Level 1:colcon.colcon_core.environment:checking '/home/soham/air_mouse_ws/install/air_mouse_slam/lib/python3.10/site-packages'
[3.009s] Level 1:colcon.colcon_core.environment:checking '/home/soham/air_mouse_ws/install/air_mouse_slam/bin'
[3.011s] INFO:colcon.colcon_core.shell:Creating package script '/home/soham/air_mouse_ws/install/air_mouse_slam/share/air_mouse_slam/package.ps1'
[3.012s] INFO:colcon.colcon_core.shell:Creating package descriptor '/home/soham/air_mouse_ws/install/air_mouse_slam/share/air_mouse_slam/package.dsv'
[3.013s] INFO:colcon.colcon_core.shell:Creating package script '/home/soham/air_mouse_ws/install/air_mouse_slam/share/air_mouse_slam/package.sh'
[3.013s] INFO:colcon.colcon_core.shell:Creating package script '/home/soham/air_mouse_ws/install/air_mouse_slam/share/air_mouse_slam/package.bash'
[3.013s] INFO:colcon.colcon_core.shell:Creating package script '/home/soham/air_mouse_ws/install/air_mouse_slam/share/air_mouse_slam/package.zsh'
[3.014s] Level 1:colcon.colcon_core.environment:create_file_with_runtime_dependencies(/home/soham/air_mouse_ws/install/air_mouse_slam/share/colcon-core/packages/air_mouse_slam)
[3.014s] DEBUG:colcon.colcon_parallel_executor.executor.parallel:closing loop
[3.015s] DEBUG:colcon.colcon_parallel_executor.executor.parallel:loop closed
[3.015s] DEBUG:colcon.colcon_parallel_executor.executor.parallel:run_until_complete finished with '0'
[3.016s] DEBUG:colcon.colcon_core.event_reactor:joining thread
[3.191s] INFO:colcon.colcon_core.plugin_system:Skipping extension 'colcon_notification.desktop_notification.notify_send': Could not find 'notify-send'
[3.192s] INFO:colcon.colcon_core.plugin_system:Skipping extension 'colcon_notification.desktop_notification.terminal_notifier': Not used on non-Darwin systems
[3.192s] INFO:colcon.colcon_core.plugin_system:Skipping extension 'colcon_notification.desktop_notification.win32': Not used on non-Windows systems
[3.192s] INFO:colcon.colcon_notification.desktop_notification:Sending desktop notification using 'notify2'
[3.192s] DEBUG:colcon.colcon_notification.desktop_notification.notify2:Failed to initialize notify2: org.freedesktop.DBus.Error.FileNotFound: Failed to connect to socket /run/user/1000/bus: No such file or directory
[3.192s] DEBUG:colcon.colcon_core.event_reactor:joined thread
[3.193s] INFO:colcon.colcon_core.shell:Creating prefix script '/home/soham/air_mouse_ws/install/local_setup.ps1'
[3.197s] INFO:colcon.colcon_core.shell:Creating prefix util module '/home/soham/air_mouse_ws/install/_local_setup_util_ps1.py'
[3.201s] INFO:colcon.colcon_core.shell:Creating prefix chain script '/home/soham/air_mouse_ws/install/setup.ps1'
[3.206s] INFO:colcon.colcon_core.shell:Creating prefix script '/home/soham/air_mouse_ws/install/local_setup.sh'
[3.211s] INFO:colcon.colcon_core.shell:Creating prefix util module '/home/soham/air_mouse_ws/install/_local_setup_util_sh.py'
[3.212s] INFO:colcon.colcon_core.shell:Creating prefix chain script '/home/soham/air_mouse_ws/install/setup.sh'
[3.217s] INFO:colcon.colcon_core.shell:Creating prefix script '/home/soham/air_mouse_ws/install/local_setup.bash'
[3.220s] INFO:colcon.colcon_core.shell:Creating prefix chain script '/home/soham/air_mouse_ws/install/setup.bash'
[3.223s] INFO:colcon.colcon_core.shell:Creating prefix script '/home/soham/air_mouse_ws/install/local_setup.zsh'
[3.226s] INFO:colcon.colcon_core.shell:Creating prefix chain script '/home/soham/air_mouse_ws/install/setup.zsh'
