-- Found ament_cmake: 1.3.14 (/opt/ros/humble/share/ament_cmake/cmake)
-- Override CMake install command with custom implementation using symlinks instead of copying resources
-- Found rclcpp: 16.0.19 (/opt/ros/humble/share/rclcpp/cmake)
-- Found rosidl_generator_c: 3.1.9 (/opt/ros/humble/share/rosidl_generator_c/cmake)
-- Found rosidl_adapter: 3.1.9 (/opt/ros/humble/share/rosidl_adapter/cmake)
-- Found rosidl_generator_cpp: 3.1.9 (/opt/ros/humble/share/rosidl_generator_cpp/cmake)
-- Using all available rosidl_typesupport_c: rosidl_typesupport_fastrtps_c;rosidl_typesupport_introspection_c
-- Using all available rosidl_typesupport_cpp: rosidl_typesupport_fastrtps_cpp;rosidl_typesupport_introspection_cpp
-- Found rmw_implementation_cmake: 6.1.3 (/opt/ros/humble/share/rmw_implementation_cmake/cmake)
-- Found rmw_fastrtps_cpp: 6.2.10 (/opt/ros/humble/share/rmw_fastrtps_cpp/cmake)
-- Using RMW implementation 'rmw_fastrtps_cpp' as default
-- Found rclcpp_action: 16.0.19 (/opt/ros/humble/share/rclcpp_action/cmake)
-- Found nav_msgs: 4.9.2 (/opt/ros/humble/share/nav_msgs/cmake)
-- Found nav2_msgs: 1.1.20 (/opt/ros/humble/share/nav2_msgs/cmake)
-- Found visualization_msgs: 4.9.2 (/opt/ros/humble/share/visualization_msgs/cmake)
-- Found ament_lint_auto: 0.12.15 (/opt/ros/humble/share/ament_lint_auto/cmake)
-- Added test 'flake8' to check Python code syntax and style conventions
-- Added test 'lint_cmake' to check CMake code style
-- Added test 'pep257' to check Python code against some of the docstring style conventions in PEP 257
-- Added test 'xmllint' to check XML markup files
-- Configuring done
-- Generating done
-- Build files have been written to: /home/soham/air_mouse_ws/build/air_mouse_slam
-- Install configuration: ""
-- Execute custom install script
-- Up-to-date symlink: /home/soham/air_mouse_ws/install/air_mouse_slam/share/ament_index/resource_index/package_run_dependencies/air_mouse_slam
-- Up-to-date symlink: /home/soham/air_mouse_ws/install/air_mouse_slam/share/ament_index/resource_index/parent_prefix_path/air_mouse_slam
-- Up-to-date symlink: /home/soham/air_mouse_ws/install/air_mouse_slam/share/air_mouse_slam/environment/ament_prefix_path.sh
-- Up-to-date symlink: /home/soham/air_mouse_ws/install/air_mouse_slam/share/air_mouse_slam/environment/ament_prefix_path.dsv
-- Up-to-date symlink: /home/soham/air_mouse_ws/install/air_mouse_slam/share/air_mouse_slam/environment/path.sh
-- Up-to-date symlink: /home/soham/air_mouse_ws/install/air_mouse_slam/share/air_mouse_slam/environment/path.dsv
-- Up-to-date symlink: /home/soham/air_mouse_ws/install/air_mouse_slam/share/air_mouse_slam/local_setup.bash
-- Up-to-date symlink: /home/soham/air_mouse_ws/install/air_mouse_slam/share/air_mouse_slam/local_setup.sh
-- Up-to-date symlink: /home/soham/air_mouse_ws/install/air_mouse_slam/share/air_mouse_slam/local_setup.zsh
-- Up-to-date symlink: /home/soham/air_mouse_ws/install/air_mouse_slam/share/air_mouse_slam/local_setup.dsv
-- Symlinking: /home/soham/air_mouse_ws/install/air_mouse_slam/share/air_mouse_slam/package.dsv
-- Up-to-date symlink: /home/soham/air_mouse_ws/install/air_mouse_slam/share/ament_index/resource_index/packages/air_mouse_slam
-- Up-to-date symlink: /home/soham/air_mouse_ws/install/air_mouse_slam/share/air_mouse_slam/cmake/air_mouse_slamConfig.cmake
-- Up-to-date symlink: /home/soham/air_mouse_ws/install/air_mouse_slam/share/air_mouse_slam/cmake/air_mouse_slamConfig-version.cmake
-- Up-to-date symlink: /home/soham/air_mouse_ws/install/air_mouse_slam/share/air_mouse_slam/package.xml
