[0.046s] Invoking command in '/home/soham/air_mouse_ws/build/air_mouse_slam': CMAKE_PREFIX_PATH=/opt/ros/humble /usr/bin/cmake /home/soham/air_mouse_ws/src/air_mouse_slam -DCMAKE_INSTALL_PREFIX=/home/soham/air_mouse_ws/install/air_mouse_slam
[0.402s] -- Found ament_cmake: 1.3.14 (/opt/ros/humble/share/ament_cmake/cmake)
[0.671s] -- Override CMake install command with custom implementation using symlinks instead of copying resources
[0.807s] -- Found rclcpp: 16.0.19 (/opt/ros/humble/share/rclcpp/cmake)
[1.698s] -- Found rosidl_generator_c: 3.1.9 (/opt/ros/humble/share/rosidl_generator_c/cmake)
[1.725s] -- Found rosidl_adapter: 3.1.9 (/opt/ros/humble/share/rosidl_adapter/cmake)
[1.766s] -- Found rosidl_generator_cpp: 3.1.9 (/opt/ros/humble/share/rosidl_generator_cpp/cmake)
[1.820s] -- Using all available rosidl_typesupport_c: rosidl_typesupport_fastrtps_c;rosidl_typesupport_introspection_c
[1.884s] -- Using all available rosidl_typesupport_cpp: rosidl_typesupport_fastrtps_cpp;rosidl_typesupport_introspection_cpp
[2.050s] -- Found rmw_implementation_cmake: 6.1.3 (/opt/ros/humble/share/rmw_implementation_cmake/cmake)
[2.064s] -- Found rmw_fastrtps_cpp: 6.2.10 (/opt/ros/humble/share/rmw_fastrtps_cpp/cmake)
[21.921s] -- Using RMW implementation 'rmw_fastrtps_cpp' as default
[22.075s] -- Found rclcpp_action: 16.0.19 (/opt/ros/humble/share/rclcpp_action/cmake)
[22.158s] -- Found nav_msgs: 4.9.2 (/opt/ros/humble/share/nav_msgs/cmake)
[22.233s] -- Found nav2_msgs: 1.1.20 (/opt/ros/humble/share/nav2_msgs/cmake)
[22.284s] -- Found visualization_msgs: 4.9.2 (/opt/ros/humble/share/visualization_msgs/cmake)
[22.374s] -- Found ament_lint_auto: 0.12.15 (/opt/ros/humble/share/ament_lint_auto/cmake)
[22.525s] -- Added test 'flake8' to check Python code syntax and style conventions
[22.526s] -- Added test 'lint_cmake' to check CMake code style
[22.528s] -- Added test 'pep257' to check Python code against some of the docstring style conventions in PEP 257
[22.534s] -- Added test 'xmllint' to check XML markup files
[22.539s] -- Configuring done
[22.555s] -- Generating done
[22.558s] -- Build files have been written to: /home/soham/air_mouse_ws/build/air_mouse_slam
[22.576s] Invoked command in '/home/soham/air_mouse_ws/build/air_mouse_slam' returned '0': CMAKE_PREFIX_PATH=/opt/ros/humble /usr/bin/cmake /home/soham/air_mouse_ws/src/air_mouse_slam -DCMAKE_INSTALL_PREFIX=/home/soham/air_mouse_ws/install/air_mouse_slam
[22.580s] Invoking command in '/home/soham/air_mouse_ws/build/air_mouse_slam': CMAKE_PREFIX_PATH=/opt/ros/humble /usr/bin/cmake --build /home/soham/air_mouse_ws/build/air_mouse_slam -- -j12 -l12
[22.635s] Invoked command in '/home/soham/air_mouse_ws/build/air_mouse_slam' returned '0': CMAKE_PREFIX_PATH=/opt/ros/humble /usr/bin/cmake --build /home/soham/air_mouse_ws/build/air_mouse_slam -- -j12 -l12
[22.649s] Invoking command in '/home/soham/air_mouse_ws/build/air_mouse_slam': CMAKE_PREFIX_PATH=/opt/ros/humble /usr/bin/cmake --install /home/soham/air_mouse_ws/build/air_mouse_slam
[22.658s] -- Install configuration: ""
[22.658s] -- Execute custom install script
[22.659s] -- Up-to-date symlink: /home/soham/air_mouse_ws/install/air_mouse_slam/share/ament_index/resource_index/package_run_dependencies/air_mouse_slam
[22.659s] -- Up-to-date symlink: /home/soham/air_mouse_ws/install/air_mouse_slam/share/ament_index/resource_index/parent_prefix_path/air_mouse_slam
[22.659s] -- Up-to-date symlink: /home/soham/air_mouse_ws/install/air_mouse_slam/share/air_mouse_slam/environment/ament_prefix_path.sh
[22.660s] -- Up-to-date symlink: /home/soham/air_mouse_ws/install/air_mouse_slam/share/air_mouse_slam/environment/ament_prefix_path.dsv
[22.660s] -- Up-to-date symlink: /home/soham/air_mouse_ws/install/air_mouse_slam/share/air_mouse_slam/environment/path.sh
[22.661s] -- Up-to-date symlink: /home/soham/air_mouse_ws/install/air_mouse_slam/share/air_mouse_slam/environment/path.dsv
[22.661s] -- Up-to-date symlink: /home/soham/air_mouse_ws/install/air_mouse_slam/share/air_mouse_slam/local_setup.bash
[22.661s] -- Up-to-date symlink: /home/soham/air_mouse_ws/install/air_mouse_slam/share/air_mouse_slam/local_setup.sh
[22.661s] -- Up-to-date symlink: /home/soham/air_mouse_ws/install/air_mouse_slam/share/air_mouse_slam/local_setup.zsh
[22.661s] -- Up-to-date symlink: /home/soham/air_mouse_ws/install/air_mouse_slam/share/air_mouse_slam/local_setup.dsv
[22.662s] -- Symlinking: /home/soham/air_mouse_ws/install/air_mouse_slam/share/air_mouse_slam/package.dsv
[22.675s] -- Up-to-date symlink: /home/soham/air_mouse_ws/install/air_mouse_slam/share/ament_index/resource_index/packages/air_mouse_slam
[22.676s] -- Up-to-date symlink: /home/soham/air_mouse_ws/install/air_mouse_slam/share/air_mouse_slam/cmake/air_mouse_slamConfig.cmake
[22.676s] -- Up-to-date symlink: /home/soham/air_mouse_ws/install/air_mouse_slam/share/air_mouse_slam/cmake/air_mouse_slamConfig-version.cmake
[22.676s] -- Up-to-date symlink: /home/soham/air_mouse_ws/install/air_mouse_slam/share/air_mouse_slam/package.xml
[22.681s] Invoked command in '/home/soham/air_mouse_ws/build/air_mouse_slam' returned '0': CMAKE_PREFIX_PATH=/opt/ros/humble /usr/bin/cmake --install /home/soham/air_mouse_ws/build/air_mouse_slam
