[0.018s] Invoking command in '/home/soham/air_mouse_ws/build/air_mouse_slam': CMAKE_PREFIX_PATH=/opt/ros/humble /usr/bin/cmake /home/soham/air_mouse_ws/src/air_mouse_slam -DAMENT_CMAKE_SYMLINK_INSTALL=1 -DCMAKE_INSTALL_PREFIX=/home/soham/air_mouse_ws/install/air_mouse_slam
[0.725s] -- The C compiler identification is GNU 11.4.0
[2.884s] -- The CXX compiler identification is GNU 11.4.0
[4.522s] -- Detecting C compiler ABI info
[5.024s] -- Detecting C compiler ABI info - done
[5.030s] -- Check for working C compiler: /usr/bin/cc - skipped
[5.031s] -- Detecting C compile features
[5.032s] -- Detecting C compile features - done
[5.037s] -- Detecting CXX compiler ABI info
[5.504s] -- Detecting CXX compiler ABI info - done
[5.509s] -- Check for working CXX compiler: /usr/bin/c++ - skipped
[5.509s] -- Detecting CXX compile features
[5.509s] -- Detecting CXX compile features - done
[5.526s] -- Found ament_cmake: 1.3.14 (/opt/ros/humble/share/ament_cmake/cmake)
[5.648s] -- Found Python3: /usr/bin/python3 (found version "3.10.12") found components: Interpreter 
[5.712s] -- Override CMake install command with custom implementation using symlinks instead of copying resources
[5.750s] -- Found rclcpp: 16.0.19 (/opt/ros/humble/share/rclcpp/cmake)
[6.359s] -- Found rosidl_generator_c: 3.1.9 (/opt/ros/humble/share/rosidl_generator_c/cmake)
[6.368s] -- Found rosidl_adapter: 3.1.9 (/opt/ros/humble/share/rosidl_adapter/cmake)
[6.383s] -- Found rosidl_generator_cpp: 3.1.9 (/opt/ros/humble/share/rosidl_generator_cpp/cmake)
[6.421s] -- Using all available rosidl_typesupport_c: rosidl_typesupport_fastrtps_c;rosidl_typesupport_introspection_c
[6.453s] -- Using all available rosidl_typesupport_cpp: rosidl_typesupport_fastrtps_cpp;rosidl_typesupport_introspection_cpp
[6.511s] -- Found rmw_implementation_cmake: 6.1.3 (/opt/ros/humble/share/rmw_implementation_cmake/cmake)
[6.515s] -- Found rmw_fastrtps_cpp: 6.2.10 (/opt/ros/humble/share/rmw_fastrtps_cpp/cmake)
[10.946s] -- Found OpenSSL: /usr/lib/x86_64-linux-gnu/libcrypto.so (found version "3.0.2")  
[17.024s] -- Found FastRTPS: /opt/ros/humble/include  
[27.790s] -- Using RMW implementation 'rmw_fastrtps_cpp' as default
[27.822s] -- Looking for pthread.h
[28.436s] -- Looking for pthread.h - found
[28.437s] -- Performing Test CMAKE_HAVE_LIBC_PTHREAD
[29.051s] -- Performing Test CMAKE_HAVE_LIBC_PTHREAD - Success
[29.052s] -- Found Threads: TRUE  
[29.181s] -- Found rclcpp_action: 16.0.19 (/opt/ros/humble/share/rclcpp_action/cmake)
[29.269s] -- Found nav_msgs: 4.9.2 (/opt/ros/humble/share/nav_msgs/cmake)
[29.371s] -- Found nav2_msgs: 1.1.20 (/opt/ros/humble/share/nav2_msgs/cmake)
[29.438s] -- Found visualization_msgs: 4.9.2 (/opt/ros/humble/share/visualization_msgs/cmake)
[29.566s] -- Found ament_lint_auto: 0.12.15 (/opt/ros/humble/share/ament_lint_auto/cmake)
[29.709s] -- Added test 'flake8' to check Python code syntax and style conventions
[29.711s] -- Added test 'lint_cmake' to check CMake code style
[29.713s] -- Added test 'pep257' to check Python code against some of the docstring style conventions in PEP 257
[29.716s] -- Added test 'xmllint' to check XML markup files
[29.721s] -- Configuring done
[29.727s] -- Generating done
[29.730s] -- Build files have been written to: /home/soham/air_mouse_ws/build/air_mouse_slam
[29.740s] Invoked command in '/home/soham/air_mouse_ws/build/air_mouse_slam' returned '0': CMAKE_PREFIX_PATH=/opt/ros/humble /usr/bin/cmake /home/soham/air_mouse_ws/src/air_mouse_slam -DAMENT_CMAKE_SYMLINK_INSTALL=1 -DCMAKE_INSTALL_PREFIX=/home/soham/air_mouse_ws/install/air_mouse_slam
[29.743s] Invoking command in '/home/soham/air_mouse_ws/build/air_mouse_slam': CMAKE_PREFIX_PATH=/opt/ros/humble /usr/bin/cmake --build /home/soham/air_mouse_ws/build/air_mouse_slam -- -j12 -l12
[29.802s] Invoked command in '/home/soham/air_mouse_ws/build/air_mouse_slam' returned '0': CMAKE_PREFIX_PATH=/opt/ros/humble /usr/bin/cmake --build /home/soham/air_mouse_ws/build/air_mouse_slam -- -j12 -l12
[29.813s] Invoking command in '/home/soham/air_mouse_ws/build/air_mouse_slam': CMAKE_PREFIX_PATH=/opt/ros/humble /usr/bin/cmake --install /home/soham/air_mouse_ws/build/air_mouse_slam
[29.819s] -- Install configuration: ""
[29.820s] -- Execute custom install script
[29.820s] -- Symlinking: /home/soham/air_mouse_ws/install/air_mouse_slam/share/ament_index/resource_index/package_run_dependencies/air_mouse_slam
[29.831s] -- Symlinking: /home/soham/air_mouse_ws/install/air_mouse_slam/share/ament_index/resource_index/parent_prefix_path/air_mouse_slam
[29.840s] -- Symlinking: /home/soham/air_mouse_ws/install/air_mouse_slam/share/air_mouse_slam/environment/ament_prefix_path.sh
[29.848s] -- Symlinking: /home/soham/air_mouse_ws/install/air_mouse_slam/share/air_mouse_slam/environment/ament_prefix_path.dsv
[29.859s] -- Symlinking: /home/soham/air_mouse_ws/install/air_mouse_slam/share/air_mouse_slam/environment/path.sh
[29.869s] -- Symlinking: /home/soham/air_mouse_ws/install/air_mouse_slam/share/air_mouse_slam/environment/path.dsv
[29.877s] -- Symlinking: /home/soham/air_mouse_ws/install/air_mouse_slam/share/air_mouse_slam/local_setup.bash
[29.887s] -- Symlinking: /home/soham/air_mouse_ws/install/air_mouse_slam/share/air_mouse_slam/local_setup.sh
[29.897s] -- Symlinking: /home/soham/air_mouse_ws/install/air_mouse_slam/share/air_mouse_slam/local_setup.zsh
[29.906s] -- Symlinking: /home/soham/air_mouse_ws/install/air_mouse_slam/share/air_mouse_slam/local_setup.dsv
[29.917s] -- Symlinking: /home/soham/air_mouse_ws/install/air_mouse_slam/share/air_mouse_slam/package.dsv
[29.928s] -- Symlinking: /home/soham/air_mouse_ws/install/air_mouse_slam/share/ament_index/resource_index/packages/air_mouse_slam
[29.937s] -- Symlinking: /home/soham/air_mouse_ws/install/air_mouse_slam/share/air_mouse_slam/cmake/air_mouse_slamConfig.cmake
[29.946s] -- Symlinking: /home/soham/air_mouse_ws/install/air_mouse_slam/share/air_mouse_slam/cmake/air_mouse_slamConfig-version.cmake
[29.955s] -- Symlinking: /home/soham/air_mouse_ws/install/air_mouse_slam/share/air_mouse_slam/package.xml
[29.968s] Invoked command in '/home/soham/air_mouse_ws/build/air_mouse_slam' returned '0': CMAKE_PREFIX_PATH=/opt/ros/humble /usr/bin/cmake --install /home/soham/air_mouse_ws/build/air_mouse_slam
