[0.015s] Invoking command in '/home/soham/air_mouse_ws/build/air_mouse_slam': CMAKE_PREFIX_PATH=/opt/ros/humble /usr/bin/cmake --build /home/soham/air_mouse_ws/build/air_mouse_slam -- -j12 -l12
[0.070s] Invoked command in '/home/soham/air_mouse_ws/build/air_mouse_slam' returned '0': CMAKE_PREFIX_PATH=/opt/ros/humble /usr/bin/cmake --build /home/soham/air_mouse_ws/build/air_mouse_slam -- -j12 -l12
[0.080s] Invoking command in '/home/soham/air_mouse_ws/build/air_mouse_slam': CMAKE_PREFIX_PATH=/opt/ros/humble /usr/bin/cmake --install /home/soham/air_mouse_ws/build/air_mouse_slam
[0.088s] -- Install configuration: ""
[0.089s] -- Execute custom install script
[0.090s] -- Up-to-date symlink: /home/soham/air_mouse_ws/install/air_mouse_slam/share/air_mouse_slam/maps/map.yaml
[0.090s] -- Up-to-date symlink: /home/soham/air_mouse_ws/install/air_mouse_slam/share/ament_index/resource_index/package_run_dependencies/air_mouse_slam
[0.090s] -- Up-to-date symlink: /home/soham/air_mouse_ws/install/air_mouse_slam/share/ament_index/resource_index/parent_prefix_path/air_mouse_slam
[0.090s] -- Up-to-date symlink: /home/soham/air_mouse_ws/install/air_mouse_slam/share/air_mouse_slam/environment/ament_prefix_path.sh
[0.090s] -- Up-to-date symlink: /home/soham/air_mouse_ws/install/air_mouse_slam/share/air_mouse_slam/environment/ament_prefix_path.dsv
[0.091s] -- Up-to-date symlink: /home/soham/air_mouse_ws/install/air_mouse_slam/share/air_mouse_slam/environment/path.sh
[0.091s] -- Up-to-date symlink: /home/soham/air_mouse_ws/install/air_mouse_slam/share/air_mouse_slam/environment/path.dsv
[0.091s] -- Up-to-date symlink: /home/soham/air_mouse_ws/install/air_mouse_slam/share/air_mouse_slam/local_setup.bash
[0.091s] -- Up-to-date symlink: /home/soham/air_mouse_ws/install/air_mouse_slam/share/air_mouse_slam/local_setup.sh
[0.091s] -- Up-to-date symlink: /home/soham/air_mouse_ws/install/air_mouse_slam/share/air_mouse_slam/local_setup.zsh
[0.091s] -- Up-to-date symlink: /home/soham/air_mouse_ws/install/air_mouse_slam/share/air_mouse_slam/local_setup.dsv
[0.091s] -- Symlinking: /home/soham/air_mouse_ws/install/air_mouse_slam/share/air_mouse_slam/package.dsv
[0.101s] -- Up-to-date symlink: /home/soham/air_mouse_ws/install/air_mouse_slam/share/ament_index/resource_index/packages/air_mouse_slam
[0.101s] -- Up-to-date symlink: /home/soham/air_mouse_ws/install/air_mouse_slam/share/air_mouse_slam/cmake/air_mouse_slamConfig.cmake
[0.102s] -- Up-to-date symlink: /home/soham/air_mouse_ws/install/air_mouse_slam/share/air_mouse_slam/cmake/air_mouse_slamConfig-version.cmake
[0.102s] -- Up-to-date symlink: /home/soham/air_mouse_ws/install/air_mouse_slam/share/air_mouse_slam/package.xml
[0.104s] Invoked command in '/home/soham/air_mouse_ws/build/air_mouse_slam' returned '0': CMAKE_PREFIX_PATH=/opt/ros/humble /usr/bin/cmake --install /home/soham/air_mouse_ws/build/air_mouse_slam
