[1.588s] DEBUG:colcon:Command line arguments: ['/usr/bin/colcon', 'build', '--packages-select', 'air_mouse_slam']
[1.588s] DEBUG:colcon:Parsed command line arguments: Namespace(log_base=None, log_level=None, verb_name='build', build_base='build', install_base='install', merge_install=False, symlink_install=False, test_result_base=None, continue_on_error=False, executor='parallel', parallel_workers=12, event_handlers=None, ignore_user_meta=False, metas=['./colcon.meta'], base_paths=['.'], packages_ignore=None, packages_ignore_regex=None, paths=None, packages_up_to=None, packages_up_to_regex=None, packages_above=None, packages_above_and_dependencies=None, packages_above_depth=None, packages_select_by_dep=None, packages_skip_by_dep=None, packages_skip_up_to=None, packages_select_build_failed=False, packages_skip_build_finished=False, packages_select_test_failures=False, packages_skip_test_passed=False, packages_select=['air_mouse_slam'], packages_skip=None, packages_select_regex=None, packages_skip_regex=None, packages_start=None, packages_end=None, allow_overriding=[], cmake_args=None, cmake_target=None, cmake_target_skip_unavailable=False, cmake_clean_cache=False, cmake_clean_first=False, cmake_force_configure=False, ament_cmake_args=None, catkin_cmake_args=None, catkin_skip_building_tests=False, mixin_files=None, mixin=None, verb_parser=<colcon_mixin.mixin.mixin_argument.MixinArgumentDecorator object at 0x79a5ee5556f0>, verb_extension=<colcon_core.verb.build.BuildVerb object at 0x79a5ee6628f0>, main=<bound method BuildVerb.main of <colcon_core.verb.build.BuildVerb object at 0x79a5ee6628f0>>, mixin_verb=('build',))
[2.428s] Level 1:colcon.colcon_core.package_discovery:discover_packages(colcon_meta) check parameters
[2.429s] Level 1:colcon.colcon_core.package_discovery:discover_packages(recursive) check parameters
[2.429s] Level 1:colcon.colcon_core.package_discovery:discover_packages(ignore) check parameters
[2.429s] Level 1:colcon.colcon_core.package_discovery:discover_packages(path) check parameters
[2.429s] Level 1:colcon.colcon_core.package_discovery:discover_packages(colcon_meta) discover
[2.429s] Level 1:colcon.colcon_core.package_discovery:discover_packages(recursive) discover
[2.429s] INFO:colcon.colcon_core.package_discovery:Crawling recursively for packages in '/home/soham/air_mouse_ws'
[2.429s] Level 1:colcon.colcon_core.package_identification:_identify(.) by extensions ['ignore', 'ignore_ament_install']
[2.429s] Level 1:colcon.colcon_core.package_identification:_identify(.) by extension 'ignore'
[2.429s] Level 1:colcon.colcon_core.package_identification:_identify(.) by extension 'ignore_ament_install'
[2.429s] Level 1:colcon.colcon_core.package_identification:_identify(.) by extensions ['colcon_pkg']
[2.429s] Level 1:colcon.colcon_core.package_identification:_identify(.) by extension 'colcon_pkg'
[2.429s] Level 1:colcon.colcon_core.package_identification:_identify(.) by extensions ['colcon_meta']
[2.429s] Level 1:colcon.colcon_core.package_identification:_identify(.) by extension 'colcon_meta'
[2.430s] Level 1:colcon.colcon_core.package_identification:_identify(.) by extensions ['ros']
[2.430s] Level 1:colcon.colcon_core.package_identification:_identify(.) by extension 'ros'
[2.471s] Level 1:colcon.colcon_core.package_identification:_identify(.) by extensions ['cmake', 'python']
[2.471s] Level 1:colcon.colcon_core.package_identification:_identify(.) by extension 'cmake'
[2.471s] Level 1:colcon.colcon_core.package_identification:_identify(.) by extension 'python'
[2.471s] Level 1:colcon.colcon_core.package_identification:_identify(.) by extensions ['python_setup_py']
[2.471s] Level 1:colcon.colcon_core.package_identification:_identify(.) by extension 'python_setup_py'
[2.471s] Level 1:colcon.colcon_core.package_identification:_identify(build) by extensions ['ignore', 'ignore_ament_install']
[2.471s] Level 1:colcon.colcon_core.package_identification:_identify(build) by extension 'ignore'
[2.471s] Level 1:colcon.colcon_core.package_identification:_identify(build) ignored
[2.471s] Level 1:colcon.colcon_core.package_identification:_identify(install) by extensions ['ignore', 'ignore_ament_install']
[2.472s] Level 1:colcon.colcon_core.package_identification:_identify(install) by extension 'ignore'
[2.472s] Level 1:colcon.colcon_core.package_identification:_identify(install) ignored
[2.472s] Level 1:colcon.colcon_core.package_identification:_identify(log) by extensions ['ignore', 'ignore_ament_install']
[2.472s] Level 1:colcon.colcon_core.package_identification:_identify(log) by extension 'ignore'
[2.472s] Level 1:colcon.colcon_core.package_identification:_identify(log) ignored
[2.472s] Level 1:colcon.colcon_core.package_identification:_identify(maps) by extensions ['ignore', 'ignore_ament_install']
[2.472s] Level 1:colcon.colcon_core.package_identification:_identify(maps) by extension 'ignore'
[2.472s] Level 1:colcon.colcon_core.package_identification:_identify(maps) by extension 'ignore_ament_install'
[2.472s] Level 1:colcon.colcon_core.package_identification:_identify(maps) by extensions ['colcon_pkg']
[2.472s] Level 1:colcon.colcon_core.package_identification:_identify(maps) by extension 'colcon_pkg'
[2.472s] Level 1:colcon.colcon_core.package_identification:_identify(maps) by extensions ['colcon_meta']
[2.472s] Level 1:colcon.colcon_core.package_identification:_identify(maps) by extension 'colcon_meta'
[2.472s] Level 1:colcon.colcon_core.package_identification:_identify(maps) by extensions ['ros']
[2.472s] Level 1:colcon.colcon_core.package_identification:_identify(maps) by extension 'ros'
[2.472s] Level 1:colcon.colcon_core.package_identification:_identify(maps) by extensions ['cmake', 'python']
[2.472s] Level 1:colcon.colcon_core.package_identification:_identify(maps) by extension 'cmake'
[2.472s] Level 1:colcon.colcon_core.package_identification:_identify(maps) by extension 'python'
[2.472s] Level 1:colcon.colcon_core.package_identification:_identify(maps) by extensions ['python_setup_py']
[2.472s] Level 1:colcon.colcon_core.package_identification:_identify(maps) by extension 'python_setup_py'
[2.472s] Level 1:colcon.colcon_core.package_identification:_identify(src) by extensions ['ignore', 'ignore_ament_install']
[2.473s] Level 1:colcon.colcon_core.package_identification:_identify(src) by extension 'ignore'
[2.473s] Level 1:colcon.colcon_core.package_identification:_identify(src) by extension 'ignore_ament_install'
[2.473s] Level 1:colcon.colcon_core.package_identification:_identify(src) by extensions ['colcon_pkg']
[2.473s] Level 1:colcon.colcon_core.package_identification:_identify(src) by extension 'colcon_pkg'
[2.473s] Level 1:colcon.colcon_core.package_identification:_identify(src) by extensions ['colcon_meta']
[2.473s] Level 1:colcon.colcon_core.package_identification:_identify(src) by extension 'colcon_meta'
[2.473s] Level 1:colcon.colcon_core.package_identification:_identify(src) by extensions ['ros']
[2.473s] Level 1:colcon.colcon_core.package_identification:_identify(src) by extension 'ros'
[2.473s] Level 1:colcon.colcon_core.package_identification:_identify(src) by extensions ['cmake', 'python']
[2.473s] Level 1:colcon.colcon_core.package_identification:_identify(src) by extension 'cmake'
[2.473s] Level 1:colcon.colcon_core.package_identification:_identify(src) by extension 'python'
[2.473s] Level 1:colcon.colcon_core.package_identification:_identify(src) by extensions ['python_setup_py']
[2.473s] Level 1:colcon.colcon_core.package_identification:_identify(src) by extension 'python_setup_py'
[2.473s] Level 1:colcon.colcon_core.package_identification:_identify(src/air_mouse_slam) by extensions ['ignore', 'ignore_ament_install']
[2.473s] Level 1:colcon.colcon_core.package_identification:_identify(src/air_mouse_slam) by extension 'ignore'
[2.473s] Level 1:colcon.colcon_core.package_identification:_identify(src/air_mouse_slam) by extension 'ignore_ament_install'
[2.473s] Level 1:colcon.colcon_core.package_identification:_identify(src/air_mouse_slam) by extensions ['colcon_pkg']
[2.473s] Level 1:colcon.colcon_core.package_identification:_identify(src/air_mouse_slam) by extension 'colcon_pkg'
[2.473s] Level 1:colcon.colcon_core.package_identification:_identify(src/air_mouse_slam) by extensions ['colcon_meta']
[2.473s] Level 1:colcon.colcon_core.package_identification:_identify(src/air_mouse_slam) by extension 'colcon_meta'
[2.473s] Level 1:colcon.colcon_core.package_identification:_identify(src/air_mouse_slam) by extensions ['ros']
[2.473s] Level 1:colcon.colcon_core.package_identification:_identify(src/air_mouse_slam) by extension 'ros'
[2.481s] DEBUG:colcon.colcon_core.package_identification:Package 'src/air_mouse_slam' with type 'ros.ament_cmake' and name 'air_mouse_slam'
[2.481s] Level 1:colcon.colcon_core.package_discovery:discover_packages(recursive) using defaults
[2.481s] Level 1:colcon.colcon_core.package_discovery:discover_packages(ignore) discover
[2.482s] Level 1:colcon.colcon_core.package_discovery:discover_packages(ignore) using defaults
[2.482s] Level 1:colcon.colcon_core.package_discovery:discover_packages(path) discover
[2.482s] Level 1:colcon.colcon_core.package_discovery:discover_packages(path) using defaults
[2.555s] Level 1:colcon.colcon_core.package_discovery:discover_packages(prefix_path) check parameters
[2.555s] Level 1:colcon.colcon_core.package_discovery:discover_packages(prefix_path) discover
[2.567s] DEBUG:colcon.colcon_installed_package_information.package_discovery:Found 318 installed packages in /opt/ros/humble
[2.568s] Level 1:colcon.colcon_core.package_discovery:discover_packages(prefix_path) using defaults
[2.626s] Level 5:colcon.colcon_core.verb:set package 'air_mouse_slam' build argument 'cmake_args' from command line to 'None'
[2.626s] Level 5:colcon.colcon_core.verb:set package 'air_mouse_slam' build argument 'cmake_target' from command line to 'None'
[2.626s] Level 5:colcon.colcon_core.verb:set package 'air_mouse_slam' build argument 'cmake_target_skip_unavailable' from command line to 'False'
[2.626s] Level 5:colcon.colcon_core.verb:set package 'air_mouse_slam' build argument 'cmake_clean_cache' from command line to 'False'
[2.626s] Level 5:colcon.colcon_core.verb:set package 'air_mouse_slam' build argument 'cmake_clean_first' from command line to 'False'
[2.626s] Level 5:colcon.colcon_core.verb:set package 'air_mouse_slam' build argument 'cmake_force_configure' from command line to 'False'
[2.626s] Level 5:colcon.colcon_core.verb:set package 'air_mouse_slam' build argument 'ament_cmake_args' from command line to 'None'
[2.626s] Level 5:colcon.colcon_core.verb:set package 'air_mouse_slam' build argument 'catkin_cmake_args' from command line to 'None'
[2.626s] Level 5:colcon.colcon_core.verb:set package 'air_mouse_slam' build argument 'catkin_skip_building_tests' from command line to 'False'
[2.626s] DEBUG:colcon.colcon_core.verb:Building package 'air_mouse_slam' with the following arguments: {'ament_cmake_args': None, 'build_base': '/home/soham/air_mouse_ws/build/air_mouse_slam', 'catkin_cmake_args': None, 'catkin_skip_building_tests': False, 'cmake_args': None, 'cmake_clean_cache': False, 'cmake_clean_first': False, 'cmake_force_configure': False, 'cmake_target': None, 'cmake_target_skip_unavailable': False, 'install_base': '/home/soham/air_mouse_ws/install/air_mouse_slam', 'merge_install': False, 'path': '/home/soham/air_mouse_ws/src/air_mouse_slam', 'symlink_install': False, 'test_result_base': None}
[2.626s] INFO:colcon.colcon_core.executor:Executing jobs using 'parallel' executor
[2.627s] DEBUG:colcon.colcon_parallel_executor.executor.parallel:run_until_complete
[2.628s] INFO:colcon.colcon_ros.task.ament_cmake.build:Building ROS package in '/home/soham/air_mouse_ws/src/air_mouse_slam' with build type 'ament_cmake'
[2.629s] INFO:colcon.colcon_cmake.task.cmake.build:Building CMake package in '/home/soham/air_mouse_ws/src/air_mouse_slam'
[2.649s] INFO:colcon.colcon_core.plugin_system:Skipping extension 'colcon_core.shell.bat': Not used on non-Windows systems
[2.649s] INFO:colcon.colcon_core.shell:Skip shell extension 'powershell' for command environment: Not usable outside of PowerShell
[2.650s] DEBUG:colcon.colcon_core.shell:Skip shell extension 'dsv' for command environment
[2.674s] DEBUG:colcon.colcon_core.event_handler.log_command:Invoking command in '/home/soham/air_mouse_ws/build/air_mouse_slam': CMAKE_PREFIX_PATH=/opt/ros/humble /usr/bin/cmake /home/soham/air_mouse_ws/src/air_mouse_slam -DCMAKE_INSTALL_PREFIX=/home/soham/air_mouse_ws/install/air_mouse_slam
[25.204s] DEBUG:colcon.colcon_core.event_handler.log_command:Invoked command in '/home/soham/air_mouse_ws/build/air_mouse_slam' returned '0': CMAKE_PREFIX_PATH=/opt/ros/humble /usr/bin/cmake /home/soham/air_mouse_ws/src/air_mouse_slam -DCMAKE_INSTALL_PREFIX=/home/soham/air_mouse_ws/install/air_mouse_slam
[25.209s] DEBUG:colcon.colcon_core.event_handler.log_command:Invoking command in '/home/soham/air_mouse_ws/build/air_mouse_slam': CMAKE_PREFIX_PATH=/opt/ros/humble /usr/bin/cmake --build /home/soham/air_mouse_ws/build/air_mouse_slam -- -j12 -l12
[25.264s] DEBUG:colcon.colcon_core.event_handler.log_command:Invoked command in '/home/soham/air_mouse_ws/build/air_mouse_slam' returned '0': CMAKE_PREFIX_PATH=/opt/ros/humble /usr/bin/cmake --build /home/soham/air_mouse_ws/build/air_mouse_slam -- -j12 -l12
[25.278s] DEBUG:colcon.colcon_core.event_handler.log_command:Invoking command in '/home/soham/air_mouse_ws/build/air_mouse_slam': CMAKE_PREFIX_PATH=/opt/ros/humble /usr/bin/cmake --install /home/soham/air_mouse_ws/build/air_mouse_slam
[25.308s] Level 1:colcon.colcon_core.environment:create_environment_scripts_only(air_mouse_slam)
[25.309s] DEBUG:colcon.colcon_core.event_handler.log_command:Invoked command in '/home/soham/air_mouse_ws/build/air_mouse_slam' returned '0': CMAKE_PREFIX_PATH=/opt/ros/humble /usr/bin/cmake --install /home/soham/air_mouse_ws/build/air_mouse_slam
[25.325s] Level 1:colcon.colcon_core.environment:checking '/home/soham/air_mouse_ws/install/air_mouse_slam' for CMake module files
[25.325s] Level 1:colcon.colcon_core.environment:checking '/home/soham/air_mouse_ws/install/air_mouse_slam' for CMake config files
[25.326s] Level 1:colcon.colcon_core.shell:create_environment_hook('air_mouse_slam', 'cmake_prefix_path')
[25.326s] INFO:colcon.colcon_core.shell:Creating environment hook '/home/soham/air_mouse_ws/install/air_mouse_slam/share/air_mouse_slam/hook/cmake_prefix_path.ps1'
[25.328s] INFO:colcon.colcon_core.shell:Creating environment descriptor '/home/soham/air_mouse_ws/install/air_mouse_slam/share/air_mouse_slam/hook/cmake_prefix_path.dsv'
[25.330s] INFO:colcon.colcon_core.shell:Creating environment hook '/home/soham/air_mouse_ws/install/air_mouse_slam/share/air_mouse_slam/hook/cmake_prefix_path.sh'
[25.334s] Level 1:colcon.colcon_core.environment:checking '/home/soham/air_mouse_ws/install/air_mouse_slam/bin'
[25.334s] Level 1:colcon.colcon_core.environment:checking '/home/soham/air_mouse_ws/install/air_mouse_slam/lib/pkgconfig/air_mouse_slam.pc'
[25.334s] Level 1:colcon.colcon_core.environment:checking '/home/soham/air_mouse_ws/install/air_mouse_slam/lib/python3.10/site-packages'
[25.335s] Level 1:colcon.colcon_core.environment:checking '/home/soham/air_mouse_ws/install/air_mouse_slam/bin'
[25.335s] INFO:colcon.colcon_core.shell:Creating package script '/home/soham/air_mouse_ws/install/air_mouse_slam/share/air_mouse_slam/package.ps1'
[25.337s] INFO:colcon.colcon_core.shell:Creating package descriptor '/home/soham/air_mouse_ws/install/air_mouse_slam/share/air_mouse_slam/package.dsv'
[25.339s] INFO:colcon.colcon_core.shell:Creating package script '/home/soham/air_mouse_ws/install/air_mouse_slam/share/air_mouse_slam/package.sh'
[25.340s] INFO:colcon.colcon_core.shell:Creating package script '/home/soham/air_mouse_ws/install/air_mouse_slam/share/air_mouse_slam/package.bash'
[25.344s] INFO:colcon.colcon_core.shell:Creating package script '/home/soham/air_mouse_ws/install/air_mouse_slam/share/air_mouse_slam/package.zsh'
[25.347s] Level 1:colcon.colcon_core.environment:create_file_with_runtime_dependencies(/home/soham/air_mouse_ws/install/air_mouse_slam/share/colcon-core/packages/air_mouse_slam)
[25.348s] Level 1:colcon.colcon_core.environment:create_environment_scripts_only(air_mouse_slam)
[25.348s] Level 1:colcon.colcon_core.environment:checking '/home/soham/air_mouse_ws/install/air_mouse_slam' for CMake module files
[25.349s] Level 1:colcon.colcon_core.environment:checking '/home/soham/air_mouse_ws/install/air_mouse_slam' for CMake config files
[25.349s] Level 1:colcon.colcon_core.shell:create_environment_hook('air_mouse_slam', 'cmake_prefix_path')
[25.349s] INFO:colcon.colcon_core.shell:Creating environment hook '/home/soham/air_mouse_ws/install/air_mouse_slam/share/air_mouse_slam/hook/cmake_prefix_path.ps1'
[25.350s] INFO:colcon.colcon_core.shell:Creating environment descriptor '/home/soham/air_mouse_ws/install/air_mouse_slam/share/air_mouse_slam/hook/cmake_prefix_path.dsv'
[25.350s] INFO:colcon.colcon_core.shell:Creating environment hook '/home/soham/air_mouse_ws/install/air_mouse_slam/share/air_mouse_slam/hook/cmake_prefix_path.sh'
[25.351s] Level 1:colcon.colcon_core.environment:checking '/home/soham/air_mouse_ws/install/air_mouse_slam/bin'
[25.351s] Level 1:colcon.colcon_core.environment:checking '/home/soham/air_mouse_ws/install/air_mouse_slam/lib/pkgconfig/air_mouse_slam.pc'
[25.351s] Level 1:colcon.colcon_core.environment:checking '/home/soham/air_mouse_ws/install/air_mouse_slam/lib/python3.10/site-packages'
[25.351s] Level 1:colcon.colcon_core.environment:checking '/home/soham/air_mouse_ws/install/air_mouse_slam/bin'
[25.352s] INFO:colcon.colcon_core.shell:Creating package script '/home/soham/air_mouse_ws/install/air_mouse_slam/share/air_mouse_slam/package.ps1'
[25.352s] INFO:colcon.colcon_core.shell:Creating package descriptor '/home/soham/air_mouse_ws/install/air_mouse_slam/share/air_mouse_slam/package.dsv'
[25.353s] INFO:colcon.colcon_core.shell:Creating package script '/home/soham/air_mouse_ws/install/air_mouse_slam/share/air_mouse_slam/package.sh'
[25.353s] INFO:colcon.colcon_core.shell:Creating package script '/home/soham/air_mouse_ws/install/air_mouse_slam/share/air_mouse_slam/package.bash'
[25.354s] INFO:colcon.colcon_core.shell:Creating package script '/home/soham/air_mouse_ws/install/air_mouse_slam/share/air_mouse_slam/package.zsh'
[25.354s] Level 1:colcon.colcon_core.environment:create_file_with_runtime_dependencies(/home/soham/air_mouse_ws/install/air_mouse_slam/share/colcon-core/packages/air_mouse_slam)
[25.354s] DEBUG:colcon.colcon_parallel_executor.executor.parallel:closing loop
[25.355s] DEBUG:colcon.colcon_parallel_executor.executor.parallel:loop closed
[25.355s] DEBUG:colcon.colcon_parallel_executor.executor.parallel:run_until_complete finished with '0'
[25.355s] DEBUG:colcon.colcon_core.event_reactor:joining thread
[25.638s] INFO:colcon.colcon_core.plugin_system:Skipping extension 'colcon_notification.desktop_notification.notify_send': Could not find 'notify-send'
[25.638s] INFO:colcon.colcon_core.plugin_system:Skipping extension 'colcon_notification.desktop_notification.terminal_notifier': Not used on non-Darwin systems
[25.638s] INFO:colcon.colcon_core.plugin_system:Skipping extension 'colcon_notification.desktop_notification.win32': Not used on non-Windows systems
[25.638s] INFO:colcon.colcon_notification.desktop_notification:Sending desktop notification using 'notify2'
[25.640s] DEBUG:colcon.colcon_notification.desktop_notification.notify2:Failed to initialize notify2: org.freedesktop.DBus.Error.FileNotFound: Failed to connect to socket /run/user/1000/bus: No such file or directory
[25.640s] DEBUG:colcon.colcon_core.event_reactor:joined thread
[25.641s] INFO:colcon.colcon_core.shell:Creating prefix script '/home/soham/air_mouse_ws/install/local_setup.ps1'
[25.662s] INFO:colcon.colcon_core.shell:Creating prefix util module '/home/soham/air_mouse_ws/install/_local_setup_util_ps1.py'
[25.670s] INFO:colcon.colcon_core.shell:Creating prefix chain script '/home/soham/air_mouse_ws/install/setup.ps1'
[25.674s] INFO:colcon.colcon_core.shell:Creating prefix script '/home/soham/air_mouse_ws/install/local_setup.sh'
[25.678s] INFO:colcon.colcon_core.shell:Creating prefix util module '/home/soham/air_mouse_ws/install/_local_setup_util_sh.py'
[25.679s] INFO:colcon.colcon_core.shell:Creating prefix chain script '/home/soham/air_mouse_ws/install/setup.sh'
[25.685s] INFO:colcon.colcon_core.shell:Creating prefix script '/home/soham/air_mouse_ws/install/local_setup.bash'
[25.689s] INFO:colcon.colcon_core.shell:Creating prefix chain script '/home/soham/air_mouse_ws/install/setup.bash'
[25.694s] INFO:colcon.colcon_core.shell:Creating prefix script '/home/soham/air_mouse_ws/install/local_setup.zsh'
[25.699s] INFO:colcon.colcon_core.shell:Creating prefix chain script '/home/soham/air_mouse_ws/install/setup.zsh'
